// Jest Snapshot v1, https://goo.gl/fbAQLP

exports[`renders correctly 1`] = `
<div>
  <header>
    <div>
      <img
        alt="logo"
        src="test-file-stub"
      />
      <h1>
        Space Travelers' Hub
      </h1>
    </div>
    <nav>
      <ul>
        <li>
          <a
            aria-current="page"
            class="active"
            href="/"
          >
            Rockets
          </a>
        </li>
        <li>
          <a
            class=""
            href="/missions"
          >
            Missions
          </a>
        </li>
        <li>
          <a
            class=""
            href="/my-profile"
          >
            My profile
          </a>
        </li>
      </ul>
    </nav>
  </header>
  ...Loading
</div>
`;
